../Core/Src/main.c:87:5:main	8	static
../Core/Src/main.c:141:6:SystemClock_Config	96	static
../Core/Src/main.c:186:13:MX_FDCAN1_Init	8	static
../Core/Src/main.c:229:13:MX_SPI1_Init	8	static
../Core/Src/main.c:269:13:MX_TIM2_Init	40	static
../Core/Src/main.c:314:13:MX_TIM4_Init	40	static
../Core/Src/main.c:359:13:MX_TIM6_Init	24	static
../Core/Src/main.c:397:13:MX_TIM7_Init	24	static
../Core/Src/main.c:435:13:MX_TIM14_Init	8	static
../Core/Src/main.c:466:13:MX_TIM16_Init	8	static
../Core/Src/main.c:498:13:MX_TIM17_Init	8	static
../Core/Src/main.c:530:13:MX_USART1_UART_Init	8	static
../Core/Src/main.c:578:13:MX_GPIO_Init	48	static
../Core/Src/main.c:613:6:Error_Handler	8	static,ignoring_inline_asm
